// Jest Snapshot v1, https://goo.gl/fbAQLP

exports[`权限矩阵 — 后端权威事实源 (e2e) 全部路由 → 权限 key 清单快照（后端权威事实源） 1`] = `
[
  {
    "guards": "JwtAuthGuard+MenuPermissionGuard",
    "requiredKey": "/departure",
    "route": "GET /api/account-generation-gaps",
  },
  {
    "guards": "JwtAuthGuard+MenuPermissionGuard",
    "requiredKey": "departure:write",
    "route": "GET /api/ai-create-tasks/:taskId",
  },
  {
    "guards": "JwtAuthGuard+MenuPermissionGuard",
    "requiredKey": "departure:write",
    "route": "POST /api/ai-create-tasks/:taskId/confirm",
  },
  {
    "guards": "JwtAuthGuard+MenuPermissionGuard",
    "requiredKey": "departure:write",
    "route": "PATCH /api/ai-create-tasks/:taskId/review-packages/:packageId",
  },
  {
    "guards": "JwtAuthGuard+MenuPermissionGuard",
    "requiredKey": "departure:write",
    "route": "POST /api/ai-create-tasks/:taskId/review-packages/:packageId/confirm",
  },
  {
    "guards": "JwtAuthGuard+MenuPermissionGuard",
    "requiredKey": "departure:write",
    "route": "POST /api/ai-create-tasks/:taskId/review-packages/:packageId/reject",
  },
  {
    "guards": "JwtAuthGuard+MenuPermissionGuard",
    "requiredKey": null,
    "route": "GET /api/ai-create-tasks/assist-availability",
  },
  {
    "guards": "JwtAuthGuard+MenuPermissionGuard",
    "requiredKey": "departure:write",
    "route": "POST /api/ai-create-tasks/assist-session",
  },
  {
    "guards": "JwtAuthGuard+MenuPermissionGuard",
    "requiredKey": "departure:write",
    "route": "POST /api/ai-create-tasks/draft",
  },
  {
    "guards": "AgentServiceIdentityGuard+AiOperationDelegationGuard",
    "requiredKey": null,
    "route": "POST /api/ai-tools/v1/get-task-context",
  },
  {
    "guards": "AgentServiceIdentityGuard+AiOperationDelegationGuard",
    "requiredKey": null,
    "route": "POST /api/ai-tools/v1/submit-review-package",
  },
  {
    "guards": "",
    "requiredKey": null,
    "route": "POST /api/auth/login",
  },
  {
    "guards": "",
    "requiredKey": null,
    "route": "POST /api/auth/logout",
  },
  {
    "guards": "JwtAuthGuard",
    "requiredKey": null,
    "route": "GET /api/auth/me",
  },
  {
    "guards": "JwtAuthGuard+MenuPermissionGuard",
    "requiredKey": "/product",
    "route": "GET /api/booking-notice-templates",
  },
  {
    "guards": "JwtAuthGuard+MenuPermissionGuard",
    "requiredKey": "/system/organization",
    "route": "POST /api/booking-notice-templates",
  },
  {
    "guards": "JwtAuthGuard+MenuPermissionGuard",
    "requiredKey": "/system/organization",
    "route": "DELETE /api/booking-notice-templates/:id",
  },
  {
    "guards": "JwtAuthGuard+MenuPermissionGuard",
    "requiredKey": "/product",
    "route": "GET /api/booking-notice-templates/:id",
  },
  {
    "guards": "JwtAuthGuard+MenuPermissionGuard",
    "requiredKey": "/system/organization",
    "route": "PATCH /api/booking-notice-templates/:id",
  },
  {
    "guards": "JwtAuthGuard+MenuPermissionGuard",
    "requiredKey": "departure:write",
    "route": "DELETE /api/departure-resources/:id",
  },
  {
    "guards": "JwtAuthGuard+MenuPermissionGuard",
    "requiredKey": "/departure",
    "route": "GET /api/departure-resources/:id",
  },
  {
    "guards": "JwtAuthGuard+MenuPermissionGuard",
    "requiredKey": "departure:write",
    "route": "PATCH /api/departure-resources/:id",
  },
  {
    "guards": "JwtAuthGuard+MenuPermissionGuard",
    "requiredKey": "/departure",
    "route": "POST /api/departure-resources/:id/generate-payable",
  },
  {
    "guards": "JwtAuthGuard+MenuPermissionGuard",
    "requiredKey": "/departure",
    "route": "GET /api/departures",
  },
  {
    "guards": "JwtAuthGuard+MenuPermissionGuard",
    "requiredKey": "departure:write",
    "route": "POST /api/departures",
  },
  {
    "guards": "JwtAuthGuard+MenuPermissionGuard",
    "requiredKey": "/departure",
    "route": "POST /api/departures/:departureId/generate-receivables",
  },
  {
    "guards": "JwtAuthGuard+MenuPermissionGuard",
    "requiredKey": "/departure",
    "route": "GET /api/departures/:departureId/payables",
  },
  {
    "guards": "JwtAuthGuard+MenuPermissionGuard",
    "requiredKey": "/departure",
    "route": "GET /api/departures/:departureId/receivables",
  },
  {
    "guards": "JwtAuthGuard+MenuPermissionGuard",
    "requiredKey": "/departure",
    "route": "GET /api/departures/:departureId/resources",
  },
  {
    "guards": "JwtAuthGuard+MenuPermissionGuard",
    "requiredKey": "departure:write",
    "route": "POST /api/departures/:departureId/resources",
  },
  {
    "guards": "JwtAuthGuard+MenuPermissionGuard",
    "requiredKey": "/departure",
    "route": "GET /api/departures/:departureId/segments",
  },
  {
    "guards": "JwtAuthGuard+MenuPermissionGuard",
    "requiredKey": "departure:write",
    "route": "POST /api/departures/:departureId/segments",
  },
  {
    "guards": "JwtAuthGuard+MenuPermissionGuard",
    "requiredKey": "departure:write",
    "route": "POST /api/departures/:departureId/segments/generate-daily",
  },
  {
    "guards": "JwtAuthGuard+MenuPermissionGuard",
    "requiredKey": "/departure",
    "route": "GET /api/departures/:departureId/source-orders",
  },
  {
    "guards": "JwtAuthGuard+MenuPermissionGuard",
    "requiredKey": "departure:write",
    "route": "POST /api/departures/:departureId/source-orders",
  },
  {
    "guards": "JwtAuthGuard+MenuPermissionGuard",
    "requiredKey": "/departure",
    "route": "GET /api/departures/:departureId/verifications",
  },
  {
    "guards": "JwtAuthGuard+MenuPermissionGuard",
    "requiredKey": "departure:write",
    "route": "DELETE /api/departures/:id",
  },
  {
    "guards": "JwtAuthGuard+MenuPermissionGuard",
    "requiredKey": "/departure",
    "route": "GET /api/departures/:id",
  },
  {
    "guards": "JwtAuthGuard+MenuPermissionGuard",
    "requiredKey": "departure:write",
    "route": "PATCH /api/departures/:id",
  },
  {
    "guards": "JwtAuthGuard+MenuPermissionGuard",
    "requiredKey": "departure:write",
    "route": "POST /api/departures/:id/close",
  },
  {
    "guards": "JwtAuthGuard+MenuPermissionGuard",
    "requiredKey": "departure:write",
    "route": "POST /api/departures/:id/copy",
  },
  {
    "guards": "JwtAuthGuard+MenuPermissionGuard",
    "requiredKey": "/departure",
    "route": "GET /api/departures/:id/income-records",
  },
  {
    "guards": "JwtAuthGuard+MenuPermissionGuard",
    "requiredKey": "departure:write",
    "route": "POST /api/departures/:id/income-records",
  },
  {
    "guards": "JwtAuthGuard+MenuPermissionGuard",
    "requiredKey": "departure:write",
    "route": "DELETE /api/departures/:id/income-records/:incomeRecordId",
  },
  {
    "guards": "JwtAuthGuard+MenuPermissionGuard",
    "requiredKey": "departure:write",
    "route": "PATCH /api/departures/:id/income-records/:incomeRecordId",
  },
  {
    "guards": "JwtAuthGuard+MenuPermissionGuard",
    "requiredKey": "/departure",
    "route": "GET /api/departures/:id/operations-sheet",
  },
  {
    "guards": "JwtAuthGuard+MenuPermissionGuard",
    "requiredKey": "/departure",
    "route": "GET /api/departures/:id/operations-sheet.xlsx",
  },
  {
    "guards": "JwtAuthGuard+MenuPermissionGuard",
    "requiredKey": "departure:write",
    "route": "POST /api/departures/:id/transition",
  },
  {
    "guards": "JwtAuthGuard+MenuPermissionGuard",
    "requiredKey": "departure:write",
    "route": "POST /api/departures/:id/unarchive",
  },
  {
    "guards": "JwtAuthGuard+MenuPermissionGuard",
    "requiredKey": "/departure",
    "route": "GET /api/departures/next-no",
  },
  {
    "guards": "JwtAuthGuard+MenuPermissionGuard",
    "requiredKey": "/departure",
    "route": "GET /api/departures/route-ledger",
  },
  {
    "guards": "JwtAuthGuard+MenuPermissionGuard",
    "requiredKey": "/departure",
    "route": "GET /api/departures/route-ledger.xlsx",
  },
  {
    "guards": "JwtAuthGuard+MenuPermissionGuard",
    "requiredKey": "/departure",
    "route": "GET /api/departures/route-names",
  },
  {
    "guards": "JwtAuthGuard+MenuPermissionGuard",
    "requiredKey": "/departure",
    "route": "GET /api/finance/departure-options",
  },
  {
    "guards": "JwtAuthGuard+MenuPermissionGuard",
    "requiredKey": "/partner",
    "route": "GET /api/finance/partner-options",
  },
  {
    "guards": "JwtAuthGuard+MenuPermissionGuard",
    "requiredKey": "/finance/payable",
    "route": "GET /api/finance/payables",
  },
  {
    "guards": "JwtAuthGuard+MenuPermissionGuard",
    "requiredKey": "/finance/payable",
    "route": "POST /api/finance/payables",
  },
  {
    "guards": "JwtAuthGuard+MenuPermissionGuard",
    "requiredKey": "/departure",
    "route": "GET /api/finance/payables/:id",
  },
  {
    "guards": "JwtAuthGuard+MenuPermissionGuard",
    "requiredKey": "/finance/payable",
    "route": "PATCH /api/finance/payables/:id",
  },
  {
    "guards": "JwtAuthGuard+MenuPermissionGuard",
    "requiredKey": "/finance/payable",
    "route": "POST /api/finance/payables/:id/confirm-payment",
  },
  {
    "guards": "JwtAuthGuard+MenuPermissionGuard",
    "requiredKey": "/finance/payable",
    "route": "POST /api/finance/payables/:id/link-transaction",
  },
  {
    "guards": "JwtAuthGuard+MenuPermissionGuard",
    "requiredKey": "/finance/receivable",
    "route": "POST /api/finance/payment-schedules/:id/adjust-amount",
  },
  {
    "guards": "JwtAuthGuard+MenuPermissionGuard",
    "requiredKey": "/finance/receivable",
    "route": "POST /api/finance/payment-schedules/:id/cancel",
  },
  {
    "guards": "JwtAuthGuard+MenuPermissionGuard",
    "requiredKey": "/finance/receivable",
    "route": "POST /api/finance/payment-schedules/:id/reopen",
  },
  {
    "guards": "JwtAuthGuard+MenuPermissionGuard",
    "requiredKey": "departure:write",
    "route": "POST /api/finance/payment-schedules/:id/void-resource-payable",
  },
  {
    "guards": "JwtAuthGuard+MenuPermissionGuard",
    "requiredKey": "/finance/receivable",
    "route": "GET /api/finance/receivables",
  },
  {
    "guards": "JwtAuthGuard+MenuPermissionGuard",
    "requiredKey": "/finance/receivable",
    "route": "POST /api/finance/receivables",
  },
  {
    "guards": "JwtAuthGuard+MenuPermissionGuard",
    "requiredKey": "/departure",
    "route": "GET /api/finance/receivables/:id",
  },
  {
    "guards": "JwtAuthGuard+MenuPermissionGuard",
    "requiredKey": "/finance/receivable",
    "route": "PATCH /api/finance/receivables/:id",
  },
  {
    "guards": "JwtAuthGuard+MenuPermissionGuard",
    "requiredKey": "/finance/receivable",
    "route": "POST /api/finance/receivables/:id/confirm-collection",
  },
  {
    "guards": "JwtAuthGuard+MenuPermissionGuard",
    "requiredKey": "/finance/receivable",
    "route": "POST /api/finance/receivables/:id/link-transaction",
  },
  {
    "guards": "JwtAuthGuard+MenuPermissionGuard",
    "requiredKey": "/departure",
    "route": "GET /api/finance/source-order-options",
  },
  {
    "guards": "JwtAuthGuard+MenuPermissionGuard",
    "requiredKey": "/supplier",
    "route": "GET /api/finance/supplier-options",
  },
  {
    "guards": "JwtAuthGuard+MenuPermissionGuard",
    "requiredKey": "/finance/transactions",
    "route": "GET /api/finance/transactions",
  },
  {
    "guards": "JwtAuthGuard+MenuPermissionGuard",
    "requiredKey": "/finance/transactions",
    "route": "POST /api/finance/transactions",
  },
  {
    "guards": "JwtAuthGuard+MenuPermissionGuard",
    "requiredKey": "/finance/transactions",
    "route": "GET /api/finance/transactions/:id",
  },
  {
    "guards": "JwtAuthGuard+MenuPermissionGuard",
    "requiredKey": "/finance/transactions",
    "route": "PUT /api/finance/transactions/:id",
  },
  {
    "guards": "JwtAuthGuard+MenuPermissionGuard",
    "requiredKey": "/finance/transactions",
    "route": "POST /api/finance/transactions/:id/acknowledge-source-amount-change",
  },
  {
    "guards": "JwtAuthGuard+MenuPermissionGuard",
    "requiredKey": "/finance/transactions",
    "route": "POST /api/finance/transactions/:id/void",
  },
  {
    "guards": "JwtAuthGuard+MenuPermissionGuard",
    "requiredKey": "/finance/verification",
    "route": "GET /api/finance/verifications",
  },
  {
    "guards": "JwtAuthGuard+MenuPermissionGuard",
    "requiredKey": "/finance/verification",
    "route": "POST /api/finance/verifications",
  },
  {
    "guards": "JwtAuthGuard+MenuPermissionGuard",
    "requiredKey": "/finance/verification",
    "route": "GET /api/finance/verifications/:id",
  },
  {
    "guards": "JwtAuthGuard+MenuPermissionGuard",
    "requiredKey": "/finance/verification",
    "route": "POST /api/finance/verifications/:id/cancel",
  },
  {
    "guards": "",
    "requiredKey": null,
    "route": "GET /api/health",
  },
  {
    "guards": "JwtAuthGuard+MenuPermissionGuard",
    "requiredKey": "/system/organization",
    "route": "GET /api/organization",
  },
  {
    "guards": "JwtAuthGuard+MenuPermissionGuard",
    "requiredKey": "/partner",
    "route": "GET /api/partners",
  },
  {
    "guards": "JwtAuthGuard+MenuPermissionGuard",
    "requiredKey": "partner:write",
    "route": "POST /api/partners",
  },
  {
    "guards": "JwtAuthGuard+MenuPermissionGuard",
    "requiredKey": "/partner",
    "route": "GET /api/partners/:id",
  },
  {
    "guards": "JwtAuthGuard+MenuPermissionGuard",
    "requiredKey": "partner:write",
    "route": "PATCH /api/partners/:id",
  },
  {
    "guards": "JwtAuthGuard+MenuPermissionGuard",
    "requiredKey": "partner:write",
    "route": "POST /api/partners/:id/archive",
  },
  {
    "guards": "JwtAuthGuard+MenuPermissionGuard",
    "requiredKey": "partner:write",
    "route": "POST /api/partners/:id/restore",
  },
  {
    "guards": "JwtAuthGuard+MenuPermissionGuard",
    "requiredKey": "/partner",
    "route": "GET /api/partners/:partnerId/outsource-orders",
  },
  {
    "guards": "JwtAuthGuard+MenuPermissionGuard",
    "requiredKey": "/partner",
    "route": "GET /api/partners/:partnerId/payables",
  },
  {
    "guards": "JwtAuthGuard+MenuPermissionGuard",
    "requiredKey": "/partner",
    "route": "GET /api/partners/:partnerId/payment-schedule-summary",
  },
  {
    "guards": "JwtAuthGuard+MenuPermissionGuard",
    "requiredKey": "/partner",
    "route": "GET /api/partners/:partnerId/receivables",
  },
  {
    "guards": "JwtAuthGuard+MenuPermissionGuard",
    "requiredKey": "/partner",
    "route": "GET /api/partners/:partnerId/reconciliation-statement",
  },
  {
    "guards": "JwtAuthGuard+MenuPermissionGuard",
    "requiredKey": "/partner",
    "route": "GET /api/partners/:partnerId/reconciliation-statement.xlsx",
  },
  {
    "guards": "JwtAuthGuard+MenuPermissionGuard",
    "requiredKey": "/partner",
    "route": "GET /api/partners/:partnerId/source-orders",
  },
  {
    "guards": "JwtAuthGuard+PlatformAdminGuard",
    "requiredKey": null,
    "route": "GET /api/platform/organizations",
  },
  {
    "guards": "JwtAuthGuard+PlatformAdminGuard",
    "requiredKey": null,
    "route": "POST /api/platform/organizations",
  },
  {
    "guards": "JwtAuthGuard+PlatformAdminGuard",
    "requiredKey": null,
    "route": "GET /api/platform/organizations/:id",
  },
  {
    "guards": "JwtAuthGuard+PlatformAdminGuard",
    "requiredKey": null,
    "route": "PATCH /api/platform/organizations/:id",
  },
  {
    "guards": "JwtAuthGuard+PlatformAdminGuard",
    "requiredKey": null,
    "route": "PATCH /api/platform/organizations/:id/business-prefix",
  },
  {
    "guards": "JwtAuthGuard+PlatformAdminGuard",
    "requiredKey": null,
    "route": "POST /api/platform/organizations/:id/disable",
  },
  {
    "guards": "JwtAuthGuard+PlatformAdminGuard",
    "requiredKey": null,
    "route": "POST /api/platform/organizations/:id/enable",
  },
  {
    "guards": "JwtAuthGuard+PlatformAdminGuard",
    "requiredKey": null,
    "route": "GET /api/platform/session",
  },
  {
    "guards": "JwtAuthGuard+MenuPermissionGuard",
    "requiredKey": "/product",
    "route": "GET /api/products",
  },
  {
    "guards": "JwtAuthGuard+MenuPermissionGuard",
    "requiredKey": "product:write",
    "route": "POST /api/products",
  },
  {
    "guards": "JwtAuthGuard+MenuPermissionGuard",
    "requiredKey": "product:write",
    "route": "DELETE /api/products/:id",
  },
  {
    "guards": "JwtAuthGuard+MenuPermissionGuard",
    "requiredKey": "/product",
    "route": "GET /api/products/:id",
  },
  {
    "guards": "JwtAuthGuard+MenuPermissionGuard",
    "requiredKey": "product:write",
    "route": "PATCH /api/products/:id",
  },
  {
    "guards": "JwtAuthGuard+MenuPermissionGuard",
    "requiredKey": "product:write",
    "route": "POST /api/products/:id/booking-notice/from-template",
  },
  {
    "guards": "JwtAuthGuard+MenuPermissionGuard",
    "requiredKey": "product:write",
    "route": "PUT /api/products/:id/features",
  },
  {
    "guards": "JwtAuthGuard+MenuPermissionGuard",
    "requiredKey": "/product",
    "route": "GET /api/products/:id/peer-pack.pdf",
  },
  {
    "guards": "JwtAuthGuard+MenuPermissionGuard",
    "requiredKey": "product:write",
    "route": "POST /api/products/:id/schedules",
  },
  {
    "guards": "JwtAuthGuard+MenuPermissionGuard",
    "requiredKey": "product:write",
    "route": "PATCH /api/products/:id/schedules/:scheduleId",
  },
  {
    "guards": "JwtAuthGuard+MenuPermissionGuard",
    "requiredKey": "product:write",
    "route": "PATCH /api/products/:id/spec",
  },
  {
    "guards": "JwtAuthGuard+MenuPermissionGuard",
    "requiredKey": "product:write",
    "route": "POST /api/products/import-sessions",
  },
  {
    "guards": "JwtAuthGuard+MenuPermissionGuard",
    "requiredKey": "/product",
    "route": "GET /api/products/import-sessions/:id",
  },
  {
    "guards": "JwtAuthGuard+MenuPermissionGuard",
    "requiredKey": "product:write",
    "route": "POST /api/products/import-sessions/:id/confirm",
  },
  {
    "guards": "JwtAuthGuard+MenuPermissionGuard",
    "requiredKey": "/product",
    "route": "GET /api/products/summary.xlsx",
  },
  {
    "guards": "JwtAuthGuard+MenuPermissionGuard",
    "requiredKey": "/system/roles",
    "route": "GET /api/roles",
  },
  {
    "guards": "JwtAuthGuard+MenuPermissionGuard",
    "requiredKey": "/departure",
    "route": "GET /api/route-templates",
  },
  {
    "guards": "JwtAuthGuard+MenuPermissionGuard",
    "requiredKey": "departure:write",
    "route": "POST /api/route-templates",
  },
  {
    "guards": "JwtAuthGuard+MenuPermissionGuard",
    "requiredKey": "departure:write",
    "route": "DELETE /api/route-templates/:id",
  },
  {
    "guards": "JwtAuthGuard+MenuPermissionGuard",
    "requiredKey": "/departure",
    "route": "GET /api/route-templates/:id",
  },
  {
    "guards": "JwtAuthGuard+MenuPermissionGuard",
    "requiredKey": "departure:write",
    "route": "POST /api/route-templates/from-departure/:departureId",
  },
  {
    "guards": "JwtAuthGuard+MenuPermissionGuard",
    "requiredKey": "departure:write",
    "route": "DELETE /api/segment-resources/:id",
  },
  {
    "guards": "JwtAuthGuard+MenuPermissionGuard",
    "requiredKey": "/departure",
    "route": "GET /api/segment-resources/:id",
  },
  {
    "guards": "JwtAuthGuard+MenuPermissionGuard",
    "requiredKey": "departure:write",
    "route": "PATCH /api/segment-resources/:id",
  },
  {
    "guards": "JwtAuthGuard+MenuPermissionGuard",
    "requiredKey": "/departure",
    "route": "POST /api/segment-resources/:id/generate-payable",
  },
  {
    "guards": "JwtAuthGuard+MenuPermissionGuard",
    "requiredKey": "departure:write",
    "route": "DELETE /api/segments/:id",
  },
  {
    "guards": "JwtAuthGuard+MenuPermissionGuard",
    "requiredKey": "/departure",
    "route": "GET /api/segments/:id",
  },
  {
    "guards": "JwtAuthGuard+MenuPermissionGuard",
    "requiredKey": "departure:write",
    "route": "PATCH /api/segments/:id",
  },
  {
    "guards": "JwtAuthGuard+MenuPermissionGuard",
    "requiredKey": "/departure",
    "route": "POST /api/segments/:id/generate-payables",
  },
  {
    "guards": "JwtAuthGuard+MenuPermissionGuard",
    "requiredKey": "/departure",
    "route": "GET /api/segments/:segmentId/resources",
  },
  {
    "guards": "JwtAuthGuard+MenuPermissionGuard",
    "requiredKey": "departure:write",
    "route": "POST /api/segments/:segmentId/resources",
  },
  {
    "guards": "JwtAuthGuard+MenuPermissionGuard",
    "requiredKey": "/departure",
    "route": "GET /api/source-orders",
  },
  {
    "guards": "JwtAuthGuard+MenuPermissionGuard",
    "requiredKey": "departure:write",
    "route": "DELETE /api/source-orders/:id",
  },
  {
    "guards": "JwtAuthGuard+MenuPermissionGuard",
    "requiredKey": "/departure",
    "route": "GET /api/source-orders/:id",
  },
  {
    "guards": "JwtAuthGuard+MenuPermissionGuard",
    "requiredKey": "departure:write",
    "route": "PATCH /api/source-orders/:id",
  },
  {
    "guards": "JwtAuthGuard+MenuPermissionGuard",
    "requiredKey": "/departure",
    "route": "POST /api/source-orders/:id/generate-receivables",
  },
  {
    "guards": "JwtAuthGuard+MenuPermissionGuard",
    "requiredKey": "/departure",
    "route": "GET /api/source-orders/:id/guest-collection-change-impact",
  },
  {
    "guards": "JwtAuthGuard+MenuPermissionGuard",
    "requiredKey": "/departure",
    "route": "GET /api/source-orders/:id/guests",
  },
  {
    "guards": "JwtAuthGuard+MenuPermissionGuard",
    "requiredKey": "departure:write",
    "route": "POST /api/source-orders/:id/guests",
  },
  {
    "guards": "JwtAuthGuard+MenuPermissionGuard",
    "requiredKey": "departure:write",
    "route": "DELETE /api/source-orders/:id/guests/:guestId",
  },
  {
    "guards": "JwtAuthGuard+MenuPermissionGuard",
    "requiredKey": "departure:write",
    "route": "PATCH /api/source-orders/:id/guests/:guestId",
  },
  {
    "guards": "JwtAuthGuard+MenuPermissionGuard",
    "requiredKey": "/departure",
    "route": "POST /api/source-orders/:id/settle-by-actual-collection",
  },
  {
    "guards": "JwtAuthGuard",
    "requiredKey": null,
    "route": "POST /api/stored-objects",
  },
  {
    "guards": "JwtAuthGuard",
    "requiredKey": null,
    "route": "DELETE /api/stored-objects/:id",
  },
  {
    "guards": "JwtAuthGuard",
    "requiredKey": null,
    "route": "GET /api/stored-objects/:id",
  },
  {
    "guards": "JwtAuthGuard+MenuPermissionGuard",
    "requiredKey": "/supplier",
    "route": "GET /api/suppliers",
  },
  {
    "guards": "JwtAuthGuard+MenuPermissionGuard",
    "requiredKey": "supplier:write",
    "route": "POST /api/suppliers",
  },
  {
    "guards": "JwtAuthGuard+MenuPermissionGuard",
    "requiredKey": "/supplier",
    "route": "GET /api/suppliers/:id",
  },
  {
    "guards": "JwtAuthGuard+MenuPermissionGuard",
    "requiredKey": "supplier:write",
    "route": "PATCH /api/suppliers/:id",
  },
  {
    "guards": "JwtAuthGuard+MenuPermissionGuard",
    "requiredKey": "supplier:write",
    "route": "POST /api/suppliers/:id/archive",
  },
  {
    "guards": "JwtAuthGuard+MenuPermissionGuard",
    "requiredKey": "supplier:write",
    "route": "POST /api/suppliers/:id/restore",
  },
  {
    "guards": "JwtAuthGuard+MenuPermissionGuard",
    "requiredKey": "/supplier",
    "route": "GET /api/suppliers/:supplierId/payables",
  },
  {
    "guards": "JwtAuthGuard+MenuPermissionGuard",
    "requiredKey": "/supplier",
    "route": "GET /api/suppliers/:supplierId/payment-schedule-summary",
  },
  {
    "guards": "JwtAuthGuard+MenuPermissionGuard",
    "requiredKey": "/supplier",
    "route": "GET /api/suppliers/:supplierId/service-orders",
  },
  {
    "guards": "JwtAuthGuard+MenuPermissionGuard",
    "requiredKey": "/system/users",
    "route": "GET /api/users",
  },
  {
    "guards": "JwtAuthGuard+MenuPermissionGuard",
    "requiredKey": "/system/users",
    "route": "POST /api/users",
  },
  {
    "guards": "JwtAuthGuard+MenuPermissionGuard",
    "requiredKey": "/system/users",
    "route": "PATCH /api/users/:id",
  },
  {
    "guards": "JwtAuthGuard+MenuPermissionGuard",
    "requiredKey": "/system/users",
    "route": "POST /api/users/:id/disable",
  },
  {
    "guards": "JwtAuthGuard+MenuPermissionGuard",
    "requiredKey": "/departure",
    "route": "GET /api/users/options",
  },
  {
    "guards": "JwtAuthGuard+MenuPermissionGuard",
    "requiredKey": "/",
    "route": "GET /api/workbench",
  },
]
`;

exports[`权限矩阵 — 后端权威事实源 (e2e) 角色 × 可调端点 矩阵快照（权限面变化需评审确认） 1`] = `
{
  "企业管理员": [
    "GET /api/account-generation-gaps [/departure]",
    "GET /api/ai-create-tasks/:taskId [departure:write]",
    "POST /api/ai-create-tasks/:taskId/confirm [departure:write]",
    "PATCH /api/ai-create-tasks/:taskId/review-packages/:packageId [departure:write]",
    "POST /api/ai-create-tasks/:taskId/review-packages/:packageId/confirm [departure:write]",
    "POST /api/ai-create-tasks/:taskId/review-packages/:packageId/reject [departure:write]",
    "GET /api/ai-create-tasks/assist-availability [—]",
    "POST /api/ai-create-tasks/assist-session [departure:write]",
    "POST /api/ai-create-tasks/draft [departure:write]",
    "POST /api/ai-tools/v1/get-task-context [—]",
    "POST /api/ai-tools/v1/submit-review-package [—]",
    "POST /api/auth/login [—]",
    "POST /api/auth/logout [—]",
    "GET /api/auth/me [—]",
    "GET /api/booking-notice-templates [/product]",
    "POST /api/booking-notice-templates [/system/organization]",
    "DELETE /api/booking-notice-templates/:id [/system/organization]",
    "GET /api/booking-notice-templates/:id [/product]",
    "PATCH /api/booking-notice-templates/:id [/system/organization]",
    "DELETE /api/departure-resources/:id [departure:write]",
    "GET /api/departure-resources/:id [/departure]",
    "PATCH /api/departure-resources/:id [departure:write]",
    "POST /api/departure-resources/:id/generate-payable [/departure]",
    "GET /api/departures [/departure]",
    "POST /api/departures [departure:write]",
    "POST /api/departures/:departureId/generate-receivables [/departure]",
    "GET /api/departures/:departureId/payables [/departure]",
    "GET /api/departures/:departureId/receivables [/departure]",
    "GET /api/departures/:departureId/resources [/departure]",
    "POST /api/departures/:departureId/resources [departure:write]",
    "GET /api/departures/:departureId/segments [/departure]",
    "POST /api/departures/:departureId/segments [departure:write]",
    "POST /api/departures/:departureId/segments/generate-daily [departure:write]",
    "GET /api/departures/:departureId/source-orders [/departure]",
    "POST /api/departures/:departureId/source-orders [departure:write]",
    "GET /api/departures/:departureId/verifications [/departure]",
    "DELETE /api/departures/:id [departure:write]",
    "GET /api/departures/:id [/departure]",
    "PATCH /api/departures/:id [departure:write]",
    "POST /api/departures/:id/close [departure:write]",
    "POST /api/departures/:id/copy [departure:write]",
    "GET /api/departures/:id/income-records [/departure]",
    "POST /api/departures/:id/income-records [departure:write]",
    "DELETE /api/departures/:id/income-records/:incomeRecordId [departure:write]",
    "PATCH /api/departures/:id/income-records/:incomeRecordId [departure:write]",
    "GET /api/departures/:id/operations-sheet [/departure]",
    "GET /api/departures/:id/operations-sheet.xlsx [/departure]",
    "POST /api/departures/:id/transition [departure:write]",
    "POST /api/departures/:id/unarchive [departure:write]",
    "GET /api/departures/next-no [/departure]",
    "GET /api/departures/route-ledger [/departure]",
    "GET /api/departures/route-ledger.xlsx [/departure]",
    "GET /api/departures/route-names [/departure]",
    "GET /api/finance/departure-options [/departure]",
    "GET /api/finance/partner-options [/partner]",
    "GET /api/finance/payables [/finance/payable]",
    "POST /api/finance/payables [/finance/payable]",
    "GET /api/finance/payables/:id [/departure]",
    "PATCH /api/finance/payables/:id [/finance/payable]",
    "POST /api/finance/payables/:id/confirm-payment [/finance/payable]",
    "POST /api/finance/payables/:id/link-transaction [/finance/payable]",
    "POST /api/finance/payment-schedules/:id/adjust-amount [/finance/receivable]",
    "POST /api/finance/payment-schedules/:id/cancel [/finance/receivable]",
    "POST /api/finance/payment-schedules/:id/reopen [/finance/receivable]",
    "POST /api/finance/payment-schedules/:id/void-resource-payable [departure:write]",
    "GET /api/finance/receivables [/finance/receivable]",
    "POST /api/finance/receivables [/finance/receivable]",
    "GET /api/finance/receivables/:id [/departure]",
    "PATCH /api/finance/receivables/:id [/finance/receivable]",
    "POST /api/finance/receivables/:id/confirm-collection [/finance/receivable]",
    "POST /api/finance/receivables/:id/link-transaction [/finance/receivable]",
    "GET /api/finance/source-order-options [/departure]",
    "GET /api/finance/supplier-options [/supplier]",
    "GET /api/finance/transactions [/finance/transactions]",
    "POST /api/finance/transactions [/finance/transactions]",
    "GET /api/finance/transactions/:id [/finance/transactions]",
    "PUT /api/finance/transactions/:id [/finance/transactions]",
    "POST /api/finance/transactions/:id/acknowledge-source-amount-change [/finance/transactions]",
    "POST /api/finance/transactions/:id/void [/finance/transactions]",
    "GET /api/finance/verifications [/finance/verification]",
    "POST /api/finance/verifications [/finance/verification]",
    "GET /api/finance/verifications/:id [/finance/verification]",
    "POST /api/finance/verifications/:id/cancel [/finance/verification]",
    "GET /api/health [—]",
    "GET /api/organization [/system/organization]",
    "GET /api/partners [/partner]",
    "POST /api/partners [partner:write]",
    "GET /api/partners/:id [/partner]",
    "PATCH /api/partners/:id [partner:write]",
    "POST /api/partners/:id/archive [partner:write]",
    "POST /api/partners/:id/restore [partner:write]",
    "GET /api/partners/:partnerId/outsource-orders [/partner]",
    "GET /api/partners/:partnerId/payables [/partner]",
    "GET /api/partners/:partnerId/payment-schedule-summary [/partner]",
    "GET /api/partners/:partnerId/receivables [/partner]",
    "GET /api/partners/:partnerId/reconciliation-statement [/partner]",
    "GET /api/partners/:partnerId/reconciliation-statement.xlsx [/partner]",
    "GET /api/partners/:partnerId/source-orders [/partner]",
    "GET /api/products [/product]",
    "POST /api/products [product:write]",
    "DELETE /api/products/:id [product:write]",
    "GET /api/products/:id [/product]",
    "PATCH /api/products/:id [product:write]",
    "POST /api/products/:id/booking-notice/from-template [product:write]",
    "PUT /api/products/:id/features [product:write]",
    "GET /api/products/:id/peer-pack.pdf [/product]",
    "POST /api/products/:id/schedules [product:write]",
    "PATCH /api/products/:id/schedules/:scheduleId [product:write]",
    "PATCH /api/products/:id/spec [product:write]",
    "POST /api/products/import-sessions [product:write]",
    "GET /api/products/import-sessions/:id [/product]",
    "POST /api/products/import-sessions/:id/confirm [product:write]",
    "GET /api/products/summary.xlsx [/product]",
    "GET /api/roles [/system/roles]",
    "GET /api/route-templates [/departure]",
    "POST /api/route-templates [departure:write]",
    "DELETE /api/route-templates/:id [departure:write]",
    "GET /api/route-templates/:id [/departure]",
    "POST /api/route-templates/from-departure/:departureId [departure:write]",
    "DELETE /api/segment-resources/:id [departure:write]",
    "GET /api/segment-resources/:id [/departure]",
    "PATCH /api/segment-resources/:id [departure:write]",
    "POST /api/segment-resources/:id/generate-payable [/departure]",
    "DELETE /api/segments/:id [departure:write]",
    "GET /api/segments/:id [/departure]",
    "PATCH /api/segments/:id [departure:write]",
    "POST /api/segments/:id/generate-payables [/departure]",
    "GET /api/segments/:segmentId/resources [/departure]",
    "POST /api/segments/:segmentId/resources [departure:write]",
    "GET /api/source-orders [/departure]",
    "DELETE /api/source-orders/:id [departure:write]",
    "GET /api/source-orders/:id [/departure]",
    "PATCH /api/source-orders/:id [departure:write]",
    "POST /api/source-orders/:id/generate-receivables [/departure]",
    "GET /api/source-orders/:id/guest-collection-change-impact [/departure]",
    "GET /api/source-orders/:id/guests [/departure]",
    "POST /api/source-orders/:id/guests [departure:write]",
    "DELETE /api/source-orders/:id/guests/:guestId [departure:write]",
    "PATCH /api/source-orders/:id/guests/:guestId [departure:write]",
    "POST /api/source-orders/:id/settle-by-actual-collection [/departure]",
    "POST /api/stored-objects [—]",
    "DELETE /api/stored-objects/:id [—]",
    "GET /api/stored-objects/:id [—]",
    "GET /api/suppliers [/supplier]",
    "POST /api/suppliers [supplier:write]",
    "GET /api/suppliers/:id [/supplier]",
    "PATCH /api/suppliers/:id [supplier:write]",
    "POST /api/suppliers/:id/archive [supplier:write]",
    "POST /api/suppliers/:id/restore [supplier:write]",
    "GET /api/suppliers/:supplierId/payables [/supplier]",
    "GET /api/suppliers/:supplierId/payment-schedule-summary [/supplier]",
    "GET /api/suppliers/:supplierId/service-orders [/supplier]",
    "GET /api/users [/system/users]",
    "POST /api/users [/system/users]",
    "PATCH /api/users/:id [/system/users]",
    "POST /api/users/:id/disable [/system/users]",
    "GET /api/users/options [/departure]",
    "GET /api/workbench [/]",
  ],
  "计调": [
    "GET /api/account-generation-gaps [/departure]",
    "GET /api/ai-create-tasks/:taskId [departure:write]",
    "POST /api/ai-create-tasks/:taskId/confirm [departure:write]",
    "PATCH /api/ai-create-tasks/:taskId/review-packages/:packageId [departure:write]",
    "POST /api/ai-create-tasks/:taskId/review-packages/:packageId/confirm [departure:write]",
    "POST /api/ai-create-tasks/:taskId/review-packages/:packageId/reject [departure:write]",
    "GET /api/ai-create-tasks/assist-availability [—]",
    "POST /api/ai-create-tasks/assist-session [departure:write]",
    "POST /api/ai-create-tasks/draft [departure:write]",
    "POST /api/ai-tools/v1/get-task-context [—]",
    "POST /api/ai-tools/v1/submit-review-package [—]",
    "POST /api/auth/login [—]",
    "POST /api/auth/logout [—]",
    "GET /api/auth/me [—]",
    "GET /api/booking-notice-templates [/product]",
    "GET /api/booking-notice-templates/:id [/product]",
    "DELETE /api/departure-resources/:id [departure:write]",
    "GET /api/departure-resources/:id [/departure]",
    "PATCH /api/departure-resources/:id [departure:write]",
    "POST /api/departure-resources/:id/generate-payable [/departure]",
    "GET /api/departures [/departure]",
    "POST /api/departures [departure:write]",
    "POST /api/departures/:departureId/generate-receivables [/departure]",
    "GET /api/departures/:departureId/payables [/departure]",
    "GET /api/departures/:departureId/receivables [/departure]",
    "GET /api/departures/:departureId/resources [/departure]",
    "POST /api/departures/:departureId/resources [departure:write]",
    "GET /api/departures/:departureId/segments [/departure]",
    "POST /api/departures/:departureId/segments [departure:write]",
    "POST /api/departures/:departureId/segments/generate-daily [departure:write]",
    "GET /api/departures/:departureId/source-orders [/departure]",
    "POST /api/departures/:departureId/source-orders [departure:write]",
    "GET /api/departures/:departureId/verifications [/departure]",
    "DELETE /api/departures/:id [departure:write]",
    "GET /api/departures/:id [/departure]",
    "PATCH /api/departures/:id [departure:write]",
    "POST /api/departures/:id/close [departure:write]",
    "POST /api/departures/:id/copy [departure:write]",
    "GET /api/departures/:id/income-records [/departure]",
    "POST /api/departures/:id/income-records [departure:write]",
    "DELETE /api/departures/:id/income-records/:incomeRecordId [departure:write]",
    "PATCH /api/departures/:id/income-records/:incomeRecordId [departure:write]",
    "GET /api/departures/:id/operations-sheet [/departure]",
    "GET /api/departures/:id/operations-sheet.xlsx [/departure]",
    "POST /api/departures/:id/transition [departure:write]",
    "POST /api/departures/:id/unarchive [departure:write]",
    "GET /api/departures/next-no [/departure]",
    "GET /api/departures/route-ledger [/departure]",
    "GET /api/departures/route-ledger.xlsx [/departure]",
    "GET /api/departures/route-names [/departure]",
    "GET /api/finance/departure-options [/departure]",
    "GET /api/finance/partner-options [/partner]",
    "GET /api/finance/payables/:id [/departure]",
    "POST /api/finance/payment-schedules/:id/void-resource-payable [departure:write]",
    "GET /api/finance/receivables/:id [/departure]",
    "GET /api/finance/source-order-options [/departure]",
    "GET /api/finance/supplier-options [/supplier]",
    "GET /api/health [—]",
    "GET /api/partners [/partner]",
    "POST /api/partners [partner:write]",
    "GET /api/partners/:id [/partner]",
    "PATCH /api/partners/:id [partner:write]",
    "POST /api/partners/:id/archive [partner:write]",
    "POST /api/partners/:id/restore [partner:write]",
    "GET /api/partners/:partnerId/outsource-orders [/partner]",
    "GET /api/partners/:partnerId/payables [/partner]",
    "GET /api/partners/:partnerId/payment-schedule-summary [/partner]",
    "GET /api/partners/:partnerId/receivables [/partner]",
    "GET /api/partners/:partnerId/reconciliation-statement [/partner]",
    "GET /api/partners/:partnerId/reconciliation-statement.xlsx [/partner]",
    "GET /api/partners/:partnerId/source-orders [/partner]",
    "GET /api/products [/product]",
    "POST /api/products [product:write]",
    "DELETE /api/products/:id [product:write]",
    "GET /api/products/:id [/product]",
    "PATCH /api/products/:id [product:write]",
    "POST /api/products/:id/booking-notice/from-template [product:write]",
    "PUT /api/products/:id/features [product:write]",
    "GET /api/products/:id/peer-pack.pdf [/product]",
    "POST /api/products/:id/schedules [product:write]",
    "PATCH /api/products/:id/schedules/:scheduleId [product:write]",
    "PATCH /api/products/:id/spec [product:write]",
    "POST /api/products/import-sessions [product:write]",
    "GET /api/products/import-sessions/:id [/product]",
    "POST /api/products/import-sessions/:id/confirm [product:write]",
    "GET /api/products/summary.xlsx [/product]",
    "GET /api/route-templates [/departure]",
    "POST /api/route-templates [departure:write]",
    "DELETE /api/route-templates/:id [departure:write]",
    "GET /api/route-templates/:id [/departure]",
    "POST /api/route-templates/from-departure/:departureId [departure:write]",
    "DELETE /api/segment-resources/:id [departure:write]",
    "GET /api/segment-resources/:id [/departure]",
    "PATCH /api/segment-resources/:id [departure:write]",
    "POST /api/segment-resources/:id/generate-payable [/departure]",
    "DELETE /api/segments/:id [departure:write]",
    "GET /api/segments/:id [/departure]",
    "PATCH /api/segments/:id [departure:write]",
    "POST /api/segments/:id/generate-payables [/departure]",
    "GET /api/segments/:segmentId/resources [/departure]",
    "POST /api/segments/:segmentId/resources [departure:write]",
    "GET /api/source-orders [/departure]",
    "DELETE /api/source-orders/:id [departure:write]",
    "GET /api/source-orders/:id [/departure]",
    "PATCH /api/source-orders/:id [departure:write]",
    "POST /api/source-orders/:id/generate-receivables [/departure]",
    "GET /api/source-orders/:id/guest-collection-change-impact [/departure]",
    "GET /api/source-orders/:id/guests [/departure]",
    "POST /api/source-orders/:id/guests [departure:write]",
    "DELETE /api/source-orders/:id/guests/:guestId [departure:write]",
    "PATCH /api/source-orders/:id/guests/:guestId [departure:write]",
    "POST /api/source-orders/:id/settle-by-actual-collection [/departure]",
    "POST /api/stored-objects [—]",
    "DELETE /api/stored-objects/:id [—]",
    "GET /api/stored-objects/:id [—]",
    "GET /api/suppliers [/supplier]",
    "POST /api/suppliers [supplier:write]",
    "GET /api/suppliers/:id [/supplier]",
    "PATCH /api/suppliers/:id [supplier:write]",
    "POST /api/suppliers/:id/archive [supplier:write]",
    "POST /api/suppliers/:id/restore [supplier:write]",
    "GET /api/suppliers/:supplierId/payables [/supplier]",
    "GET /api/suppliers/:supplierId/payment-schedule-summary [/supplier]",
    "GET /api/suppliers/:supplierId/service-orders [/supplier]",
    "GET /api/users/options [/departure]",
    "GET /api/workbench [/]",
  ],
  "财务": [
    "GET /api/account-generation-gaps [/departure]",
    "GET /api/ai-create-tasks/assist-availability [—]",
    "POST /api/ai-tools/v1/get-task-context [—]",
    "POST /api/ai-tools/v1/submit-review-package [—]",
    "POST /api/auth/login [—]",
    "POST /api/auth/logout [—]",
    "GET /api/auth/me [—]",
    "GET /api/booking-notice-templates [/product]",
    "GET /api/booking-notice-templates/:id [/product]",
    "GET /api/departure-resources/:id [/departure]",
    "POST /api/departure-resources/:id/generate-payable [/departure]",
    "GET /api/departures [/departure]",
    "POST /api/departures/:departureId/generate-receivables [/departure]",
    "GET /api/departures/:departureId/payables [/departure]",
    "GET /api/departures/:departureId/receivables [/departure]",
    "GET /api/departures/:departureId/resources [/departure]",
    "GET /api/departures/:departureId/segments [/departure]",
    "GET /api/departures/:departureId/source-orders [/departure]",
    "GET /api/departures/:departureId/verifications [/departure]",
    "GET /api/departures/:id [/departure]",
    "GET /api/departures/:id/income-records [/departure]",
    "GET /api/departures/:id/operations-sheet [/departure]",
    "GET /api/departures/:id/operations-sheet.xlsx [/departure]",
    "GET /api/departures/next-no [/departure]",
    "GET /api/departures/route-ledger [/departure]",
    "GET /api/departures/route-ledger.xlsx [/departure]",
    "GET /api/departures/route-names [/departure]",
    "GET /api/finance/departure-options [/departure]",
    "GET /api/finance/partner-options [/partner]",
    "GET /api/finance/payables [/finance/payable]",
    "POST /api/finance/payables [/finance/payable]",
    "GET /api/finance/payables/:id [/departure]",
    "PATCH /api/finance/payables/:id [/finance/payable]",
    "POST /api/finance/payables/:id/confirm-payment [/finance/payable]",
    "POST /api/finance/payables/:id/link-transaction [/finance/payable]",
    "POST /api/finance/payment-schedules/:id/adjust-amount [/finance/receivable]",
    "POST /api/finance/payment-schedules/:id/cancel [/finance/receivable]",
    "POST /api/finance/payment-schedules/:id/reopen [/finance/receivable]",
    "GET /api/finance/receivables [/finance/receivable]",
    "POST /api/finance/receivables [/finance/receivable]",
    "GET /api/finance/receivables/:id [/departure]",
    "PATCH /api/finance/receivables/:id [/finance/receivable]",
    "POST /api/finance/receivables/:id/confirm-collection [/finance/receivable]",
    "POST /api/finance/receivables/:id/link-transaction [/finance/receivable]",
    "GET /api/finance/source-order-options [/departure]",
    "GET /api/finance/supplier-options [/supplier]",
    "GET /api/finance/transactions [/finance/transactions]",
    "POST /api/finance/transactions [/finance/transactions]",
    "GET /api/finance/transactions/:id [/finance/transactions]",
    "PUT /api/finance/transactions/:id [/finance/transactions]",
    "POST /api/finance/transactions/:id/acknowledge-source-amount-change [/finance/transactions]",
    "POST /api/finance/transactions/:id/void [/finance/transactions]",
    "GET /api/finance/verifications [/finance/verification]",
    "POST /api/finance/verifications [/finance/verification]",
    "GET /api/finance/verifications/:id [/finance/verification]",
    "POST /api/finance/verifications/:id/cancel [/finance/verification]",
    "GET /api/health [—]",
    "GET /api/partners [/partner]",
    "GET /api/partners/:id [/partner]",
    "GET /api/partners/:partnerId/outsource-orders [/partner]",
    "GET /api/partners/:partnerId/payables [/partner]",
    "GET /api/partners/:partnerId/payment-schedule-summary [/partner]",
    "GET /api/partners/:partnerId/receivables [/partner]",
    "GET /api/partners/:partnerId/reconciliation-statement [/partner]",
    "GET /api/partners/:partnerId/reconciliation-statement.xlsx [/partner]",
    "GET /api/partners/:partnerId/source-orders [/partner]",
    "GET /api/products [/product]",
    "GET /api/products/:id [/product]",
    "GET /api/products/:id/peer-pack.pdf [/product]",
    "GET /api/products/import-sessions/:id [/product]",
    "GET /api/products/summary.xlsx [/product]",
    "GET /api/route-templates [/departure]",
    "GET /api/route-templates/:id [/departure]",
    "GET /api/segment-resources/:id [/departure]",
    "POST /api/segment-resources/:id/generate-payable [/departure]",
    "GET /api/segments/:id [/departure]",
    "POST /api/segments/:id/generate-payables [/departure]",
    "GET /api/segments/:segmentId/resources [/departure]",
    "GET /api/source-orders [/departure]",
    "GET /api/source-orders/:id [/departure]",
    "POST /api/source-orders/:id/generate-receivables [/departure]",
    "GET /api/source-orders/:id/guest-collection-change-impact [/departure]",
    "GET /api/source-orders/:id/guests [/departure]",
    "POST /api/source-orders/:id/settle-by-actual-collection [/departure]",
    "POST /api/stored-objects [—]",
    "DELETE /api/stored-objects/:id [—]",
    "GET /api/stored-objects/:id [—]",
    "GET /api/suppliers [/supplier]",
    "GET /api/suppliers/:id [/supplier]",
    "GET /api/suppliers/:supplierId/payables [/supplier]",
    "GET /api/suppliers/:supplierId/payment-schedule-summary [/supplier]",
    "GET /api/suppliers/:supplierId/service-orders [/supplier]",
    "GET /api/users/options [/departure]",
    "GET /api/workbench [/]",
  ],
}
`;
